Using Python 3.13.13 environment at: env
Resolved 28 packages in 1.61s
Downloading triton (179.6MiB)
Downloading torch (612.0MiB)
 Downloaded triton
 Downloaded torch
Prepared 2 packages in 40m 05s
Installed 28 packages in 76ms
 + cuda-bindings==13.0.3
 + cuda-pathfinder==1.8.1
 + filelock==3.32.6
 + fsspec==2026.7.0
 + jinja2==3.1.6
 + markupsafe==3.0.3
 + mpmath==1.3.0
 + networkx==3.6.1
 + nvidia-cublas==13.1.0.3
 + nvidia-cuda-cupti==13.0.85
 + nvidia-cuda-nvrtc==13.0.88
 + nvidia-cuda-runtime==13.0.96
 + nvidia-cudnn-cu13==9.15.1.9
 + nvidia-cufft==12.0.0.61
 + nvidia-cufile==1.15.1.6
 + nvidia-curand==10.4.0.35
 + nvidia-cusolver==12.0.4.66
 + nvidia-cusparse==12.6.3.3
 + nvidia-cusparselt-cu13==0.8.0
 + nvidia-nccl-cu13==2.28.9
 + nvidia-nvjitlink==13.0.88
 + nvidia-nvshmem-cu13==3.4.5
 + nvidia-nvtx==13.0.85
 + setuptools==84.0.0
 + sympy==1.14.0
 + torch==2.10.0+cu130
 + triton==3.6.0
 + typing-extensions==4.16.0
Using Python 3.13.13 environment at: env
Resolved 76 packages in 1m 23s
Downloading tokenizers (3.2MiB)
Downloading pydantic-core (2.0MiB)
Downloading pillow (6.6MiB)
Downloading hf-xet (4.3MiB)
Downloading llguidance (3.0MiB)
Downloading pyarrow (47.8MiB)
Downloading aiohttp (1.7MiB)
Downloading pygments (1.2MiB)
Downloading numpy (15.9MiB)
Downloading pandas (10.4MiB)
Downloading marisa-trie (1.4MiB)
Downloading exllamav3 (382.4MiB)
 Downloaded pygments
 Downloaded marisa-trie
 Downloaded aiohttp
 Downloaded pydantic-core
 Downloaded llguidance
 Downloaded tokenizers
 Downloaded hf-xet
 Downloaded pillow
 Downloaded pandas
 Downloaded numpy
 Downloaded pyarrow
 Downloaded exllamav3
Prepared 49 packages in 2m 23s
Uninstalled 1 package in 0.41ms
Installed 49 packages in 13ms
 + aiohappyeyeballs==2.7.1
 + aiohttp==3.14.3
 + aiosignal==1.4.0
 + annotated-types==0.8.0
 + anyio==4.15.1
 + attrs==26.1.0
 + certifi==2026.7.22
 + charset-normalizer==3.5.1
 + click==8.5.0
 + datasets==5.0.1
 + dflash==0.1.0
 + dill==0.4.1
 + exllamav3==1.5.0+cu128.torch2.10.0 (from https://github.com/turboderp-org/exllamav3/releases/download/v1.5.0/exllamav3-1.5.0+cu128.torch2.10.0-cp313-cp313-linux_x86_64.whl)
 + frozenlist==1.8.0
 - fsspec==2026.7.0
 + fsspec==2026.6.0
 + h11==0.16.0
 + hf-xet==1.6.0
 + httpcore==1.0.9
 + httpx==0.28.1
 + huggingface-hub==1.31.0
 + idna==3.19
 + llguidance==1.8.0
 + marisa-trie==1.4.1
 + markdown-it-py==4.2.0
 + mdurl==0.1.2
 + multidict==6.8.0
 + multiprocess==0.70.19
 + ninja==1.13.2
 + numpy==2.5.3
 + packaging==26.3
 + pandas==3.0.5
 + pillow==12.3.0
 + propcache==0.5.2
 + pyarrow==25.0.1
 + pydantic==2.13.5
 + pydantic-core==2.46.5
 + pygments==2.21.0
 + python-dateutil==2.9.0.post0
 + pyyaml==6.0.3
 + requests==2.34.2
 + rich==15.0.0
 + safetensors==0.8.0
 + six==1.17.0
 + tokenizers==0.23.2
 + tqdm==4.70.0
 + typing-inspection==0.4.4
 + urllib3==2.7.0
 + xxhash==4.0.1
 + yarl==1.24.5
exit=0
